../Src/integration/acc_hal_integration_stm32cube_xm.c:62:13:acc_hal_integration_sensor_transfer16	16	static
../Src/integration/acc_hal_integration_stm32cube_xm.c:99:6:acc_hal_integration_sensor_supply_on	0	static
../Src/integration/acc_hal_integration_stm32cube_xm.c:104:6:acc_hal_integration_sensor_supply_off	0	static
../Src/integration/acc_hal_integration_stm32cube_xm.c:109:6:acc_hal_integration_sensor_enable	8	static
../Src/integration/acc_hal_integration_stm32cube_xm.c:119:6:acc_hal_integration_sensor_disable	8	static
../Src/integration/acc_hal_integration_stm32cube_xm.c:130:6:acc_hal_integration_wait_for_sensor_interrupt	16	static,ignoring_inline_asm
../Src/integration/acc_hal_integration_stm32cube_xm.c:152:23:acc_hal_rss_integration_get_implementation	0	static
../Src/integration/acc_hal_integration_stm32cube_xm.c:169:10:acc_hal_integration_sensor_count	0	static
