../Src/stm32l4xx_hal_msp.c:71:6:HAL_MspInit	8	static
../Src/stm32l4xx_hal_msp.c:94:6:HAL_I2C_MspInit	128	static
../Src/stm32l4xx_hal_msp.c:144:6:HAL_I2C_MspDeInit	8	static
../Src/stm32l4xx_hal_msp.c:177:6:HAL_RTC_MspInit	104	static
../Src/stm32l4xx_hal_msp.c:216:6:HAL_RTC_MspDeInit	8	static
../Src/stm32l4xx_hal_msp.c:242:6:HAL_SPI_MspInit	48	static
../Src/stm32l4xx_hal_msp.c:315:6:HAL_SPI_MspDeInit	8	static
../Src/stm32l4xx_hal_msp.c:348:6:HAL_UART_MspInit	152	static
../Src/stm32l4xx_hal_msp.c:469:6:HAL_UART_MspDeInit	8	static
