../Src/algorithms/acc_algorithm.c:1460:13:sum_i16_complex	12	static
../Src/algorithms/acc_algorithm.c:1474:13:mean_i16_complex	8	static
../Src/algorithms/acc_algorithm.c:1494:13:fftshift	24	static
../Src/algorithms/acc_algorithm.c:1584:22:get_data_padded_f32_to_f32_complex	8	static
../Src/algorithms/acc_algorithm.c:1809:13:double_buffering_median_filter	96	static
../Src/algorithms/acc_algorithm.c:1905:13:merge_peak_cluster	20	static
../Src/algorithms/acc_algorithm.c:1717:13:small_fft_transformation	64	static
../Src/algorithms/acc_algorithm.c:1668:13:small_fft	36	static
../Src/algorithms/acc_algorithm.c:1484:13:rfft	112	static
../Src/algorithms/acc_algorithm.c:159:6:acc_algorithm_roll_and_push	8	static
../Src/algorithms/acc_algorithm.c:169:6:acc_algorithm_roll_and_push_matrix_f32	28	static
../Src/algorithms/acc_algorithm.c:203:6:acc_algorithm_roll_and_push_matrix_f32_complex	28	static
../Src/algorithms/acc_algorithm.c:237:6:acc_algorithm_roll_and_push_mult_matrix_i16_complex	80	static
../Src/algorithms/acc_algorithm.c:283:6:acc_algorithm_unwrap	32	static
../Src/algorithms/acc_algorithm.c:298:10:acc_algorithm_argmax	0	static
../Src/algorithms/acc_algorithm.c:315:7:acc_algorithm_interpolate_peaks	0	static
../Src/algorithms/acc_algorithm.c:323:7:acc_algorithm_interpolate_peaks_equidistant	0	static
../Src/algorithms/acc_algorithm.c:439:6:acc_algorithm_lfilter	0	static
../Src/algorithms/acc_algorithm.c:449:6:acc_algorithm_lfilter_matrix	24	static
../Src/algorithms/acc_algorithm.c:457:6:acc_algorithm_apply_filter_f32	36	static
../Src/algorithms/acc_algorithm.c:484:6:acc_algorithm_apply_filter_f32_complex	32	static
../Src/algorithms/acc_algorithm.c:516:6:acc_algorithm_mean_sweep	24	static
../Src/algorithms/acc_algorithm.c:529:6:acc_algorithm_sum_sweep	24	static
../Src/algorithms/acc_algorithm.c:542:6:acc_algorithm_mean_i16_complex	0	static
../Src/algorithms/acc_algorithm.c:547:6:acc_algorithm_mean_matrix_i16_complex	24	static
../Src/algorithms/acc_algorithm.c:569:6:acc_algorithm_conj_f32	0	static
../Src/algorithms/acc_algorithm.c:577:6:acc_algorithm_normalize_f32_complex	24	static
../Src/algorithms/acc_algorithm.c:585:6:acc_algorithm_rfft	16	static
../Src/algorithms/acc_algorithm.c:590:6:acc_algorithm_rfft_matrix	56	static
../Src/algorithms/acc_algorithm.c:615:6:acc_algorithm_fft	16	static
../Src/algorithms/acc_algorithm.c:1511:13:welch	104	static
../Src/algorithms/acc_algorithm.c:620:6:acc_algorithm_fft_matrix	56	static
../Src/algorithms/acc_algorithm.c:645:7:acc_algorithm_fftfreq_delta	0	static
../Src/algorithms/acc_algorithm.c:657:6:acc_algorithm_rfftfreq	8	static
../Src/algorithms/acc_algorithm.c:668:6:acc_algorithm_fftfreq	16	static
../Src/algorithms/acc_algorithm.c:687:7:acc_algorithm_exp_smoothing_coefficient	0	static
../Src/algorithms/acc_algorithm.c:701:15:acc_algorithm_cdiv	64	static
../Src/algorithms/acc_algorithm.c:330:6:acc_algorithm_butter_lowpass	64	static
../Src/algorithms/acc_algorithm.c:372:6:acc_algorithm_butter_bandpass	96	static
../Src/algorithms/acc_algorithm.c:714:6:acc_algorithm_hamming	32	static
../Src/algorithms/acc_algorithm.c:726:6:acc_algorithm_hann	24	static
../Src/algorithms/acc_algorithm.c:738:7:acc_algorithm_get_fwhm	0	static
../Src/algorithms/acc_algorithm.c:767:6:acc_algorithm_double_buffering_frame_filter	88	static
../Src/algorithms/acc_algorithm.c:842:6:acc_algorithm_fftshift_matrix	16	static
../Src/algorithms/acc_algorithm.c:850:6:acc_algorithm_fftshift	0	static
../Src/algorithms/acc_algorithm.c:855:6:acc_algorithm_welch_matrix	64	static
../Src/algorithms/acc_algorithm.c:872:6:acc_algorithm_welch	32	static
../Src/algorithms/acc_algorithm.c:885:7:acc_algorithm_calculate_cfar	12	static
../Src/algorithms/acc_algorithm.c:921:7:acc_algorithm_calculate_mirrored_one_sided_cfar	64	static
../Src/algorithms/acc_algorithm.c:976:10:acc_algorithm_get_distance_idx	20	static
../Src/algorithms/acc_algorithm.c:1002:7:acc_algorithm_get_peak_velocity	20	static
../Src/algorithms/acc_algorithm.c:1037:6:acc_algorithm_merge_peaks	56	static
../Src/algorithms/acc_algorithm.c:1123:7:acc_algorithm_get_distance_m	0	static
../Src/algorithms/acc_algorithm.c:1130:22:acc_algorithm_select_profile	40	static
../Src/algorithms/acc_algorithm.c:1149:18:acc_algorithm_select_prf	0	static
../Src/algorithms/acc_algorithm.c:1183:6:acc_algorithm_find_peaks	36	static
../Src/algorithms/acc_algorithm.c:1286:6:acc_algorithm_count_points_above_threshold	24	static
../Src/algorithms/acc_algorithm.c:1329:9:acc_algorithm_median_i16	20	static
../Src/algorithms/acc_algorithm.c:1347:7:acc_algorithm_median_f32	20	static
../Src/algorithms/acc_algorithm.c:1365:7:acc_algorithm_max_f32	0	static
../Src/algorithms/acc_algorithm.c:1380:7:acc_algorithm_weighted_mean	0	static
../Src/algorithms/acc_algorithm.c:1404:7:acc_algorithm_variance_f32	0	static
../Src/algorithms/acc_algorithm.c:1431:7:acc_algorithm_stddev_f32	8	static
../Src/algorithms/acc_algorithm.c:1436:7:acc_algorithm_clip_f32	0	static
